// Jest Snapshot v1, https://goo.gl/fbAQLP

exports[`renders as expected 1`] = `
<div>
  <div
    class="MuiPaper-root MuiAccordion-root WithStyles(ForwardRef(Accordion))-root-8 MuiPaper-elevation1"
  >
    <div
      aria-controls="Hazards"
      aria-disabled="false"
      aria-expanded="false"
      class="MuiButtonBase-root MuiAccordionSummary-root WithStyles(ForwardRef(AccordionSummary))-root-10"
      id="Hazards"
      role="button"
      tabindex="0"
    >
      <div
        class="MuiAccordionSummary-content WithStyles(ForwardRef(AccordionSummary))-content-11"
      >
        <img
          alt="Hazards"
          class="MenuMobile-icon-4"
          src="icon_climate.png"
        />
        <mock-typography
          variant="body2"
        >
          Hazards
        </mock-typography>
      </div>
      <div
        aria-disabled="false"
        aria-hidden="true"
        class="MuiButtonBase-root MuiIconButton-root MuiAccordionSummary-expandIcon MuiIconButton-colorInherit MuiIconButton-sizeSmall MuiIconButton-edgeEnd"
      >
        <span
          class="MuiIconButton-label"
        >
          <svg
            aria-hidden="true"
            class="svg-inline--fa fa-caret-down fa-w-10 "
            data-icon="caret-down"
            data-prefix="fas"
            focusable="false"
            role="img"
            viewBox="0 0 320 512"
            xmlns="http://www.w3.org/2000/svg"
          >
            <path
              d="M31.3 192h257.3c17.8 0 26.7 21.5 14.1 34.1L174.1 354.8c-7.8 7.8-20.5 7.8-28.3 0L17.2 226.1C4.6 213.5 13.5 192 31.3 192z"
              fill="currentColor"
            />
          </svg>
        </span>
        <span
          class="MuiTouchRipple-root"
        />
      </div>
    </div>
    <div
      class="MuiCollapse-container MuiCollapse-hidden"
      style="min-height: 0px;"
    >
      <div
        class="MuiCollapse-wrapper"
      >
        <div
          class="MuiCollapse-wrapperInner"
        >
          <div
            aria-labelledby="Hazards"
            id="Hazards"
            role="region"
          >
            <div
              class="MuiAccordionDetails-root WithStyles(ForwardRef(AccordionDetails))-root-13"
            >
              <div
                class="MuiGrid-root MuiGrid-container MuiGrid-direction-xs-column"
              >
                <div
                  class="MuiGrid-root MenuMobile-categoryContainer-5 MuiGrid-item"
                >
                  <mock-typography
                    classname="MenuMobile-categoryTitle-6"
                    variant="body2"
                  >
                    Indikator Iklim
                  </mock-typography>
                  <hr />
                  <div
                    class="MenuMobile-layersContainer-7"
                  >
                    <mock-switch
                      checked="false"
                      color="default"
                      inputprops="[object Object]"
                      size="small"
                    />
                     
                    <mock-typography
                      variant="body1"
                    >
                      Rainfall Anomaly (Monthly)
                    </mock-typography>
                  </div>
                  <div
                    class="MenuMobile-layersContainer-7"
                  >
                    <mock-switch
                      checked="false"
                      color="default"
                      inputprops="[object Object]"
                      size="small"
                    />
                     
                    <mock-typography
                      variant="body1"
                    >
                      Standardized Precipitation Index (SPI)
                    </mock-typography>
                  </div>
                </div>
                <div
                  class="MuiGrid-root MenuMobile-categoryContainer-5 MuiGrid-item"
                >
                  <mock-typography
                    classname="MenuMobile-categoryTitle-6"
                    variant="body2"
                  >
                    Drought Indicators
                  </mock-typography>
                  <hr />
                  <div
                    class="MenuMobile-layersContainer-7"
                  >
                    <mock-switch
                      checked="false"
                      color="default"
                      inputprops="[object Object]"
                      size="small"
                    />
                     
                    <mock-typography
                      variant="body1"
                    >
                      Agricultural drought (VHI)
                    </mock-typography>
                  </div>
                  <div
                    class="MenuMobile-layersContainer-7"
                  >
                    <mock-switch
                      checked="false"
                      color="default"
                      inputprops="[object Object]"
                      size="small"
                    />
                     
                    <mock-typography
                      variant="body1"
                    >
                      Days Since Last Rain
                    </mock-typography>
                  </div>
                </div>
                <div
                  class="MuiGrid-root MenuMobile-categoryContainer-5 MuiGrid-item"
                >
                  <mock-typography
                    classname="MenuMobile-categoryTitle-6"
                    variant="body2"
                  >
                    Floods Risk
                  </mock-typography>
                  <hr />
                  <div
                    class="MenuMobile-layersContainer-7"
                  >
                    <mock-switch
                      checked="false"
                      color="default"
                      inputprops="[object Object]"
                      size="small"
                    />
                     
                    <mock-typography
                      variant="body1"
                    >
                      Floods Forecast
                    </mock-typography>
                  </div>
                </div>
              </div>
            </div>
          </div>
        </div>
      </div>
    </div>
  </div>
  <div
    class="MuiPaper-root MuiAccordion-root WithStyles(ForwardRef(Accordion))-root-8 MuiPaper-elevation1"
  >
    <div
      aria-controls="Exposure"
      aria-disabled="false"
      aria-expanded="false"
      class="MuiButtonBase-root MuiAccordionSummary-root WithStyles(ForwardRef(AccordionSummary))-root-10"
      id="Exposure"
      role="button"
      tabindex="0"
    >
      <div
        class="MuiAccordionSummary-content WithStyles(ForwardRef(AccordionSummary))-content-11"
      >
        <img
          alt="Exposure"
          class="MenuMobile-icon-4"
          src="icon_basemap.png"
        />
        <mock-typography
          variant="body2"
        >
          Exposure
        </mock-typography>
      </div>
      <div
        aria-disabled="false"
        aria-hidden="true"
        class="MuiButtonBase-root MuiIconButton-root MuiAccordionSummary-expandIcon MuiIconButton-colorInherit MuiIconButton-sizeSmall MuiIconButton-edgeEnd"
      >
        <span
          class="MuiIconButton-label"
        >
          <svg
            aria-hidden="true"
            class="svg-inline--fa fa-caret-down fa-w-10 "
            data-icon="caret-down"
            data-prefix="fas"
            focusable="false"
            role="img"
            viewBox="0 0 320 512"
            xmlns="http://www.w3.org/2000/svg"
          >
            <path
              d="M31.3 192h257.3c17.8 0 26.7 21.5 14.1 34.1L174.1 354.8c-7.8 7.8-20.5 7.8-28.3 0L17.2 226.1C4.6 213.5 13.5 192 31.3 192z"
              fill="currentColor"
            />
          </svg>
        </span>
        <span
          class="MuiTouchRipple-root"
        />
      </div>
    </div>
    <div
      class="MuiCollapse-container MuiCollapse-hidden"
      style="min-height: 0px;"
    >
      <div
        class="MuiCollapse-wrapper"
      >
        <div
          class="MuiCollapse-wrapperInner"
        >
          <div
            aria-labelledby="Exposure"
            id="Exposure"
            role="region"
          >
            <div
              class="MuiAccordionDetails-root WithStyles(ForwardRef(AccordionDetails))-root-13"
            >
              <div
                class="MuiGrid-root MuiGrid-container MuiGrid-direction-xs-column"
              >
                <div
                  class="MuiGrid-root MenuMobile-categoryContainer-5 MuiGrid-item"
                >
                  <mock-typography
                    classname="MenuMobile-categoryTitle-6"
                    variant="body2"
                  >
                    Demographics
                  </mock-typography>
                  <hr />
                  <div
                    class="MenuMobile-layersContainer-7"
                  >
                    <mock-switch
                      checked="false"
                      color="default"
                      inputprops="[object Object]"
                      size="small"
                    />
                     
                    <mock-typography
                      variant="body1"
                    >
                      Population Density
                    </mock-typography>
                  </div>
                  <div
                    class="MenuMobile-layersContainer-7"
                  >
                    <mock-switch
                      checked="false"
                      color="default"
                      inputprops="[object Object]"
                      size="small"
                    />
                     
                    <mock-typography
                      variant="body1"
                    >
                      Household with Income Derived from Agriculture
                    </mock-typography>
                  </div>
                  <div
                    class="MenuMobile-layersContainer-7"
                  >
                    <mock-switch
                      checked="false"
                      color="default"
                      inputprops="[object Object]"
                      size="small"
                    />
                     
                    <mock-typography
                      variant="body1"
                    >
                      Houshold with Food Expenditure &gt;65%
                    </mock-typography>
                  </div>
                </div>
              </div>
            </div>
          </div>
        </div>
      </div>
    </div>
  </div>
  <div
    class="MuiPaper-root MuiAccordion-root WithStyles(ForwardRef(Accordion))-root-8 MuiPaper-elevation1"
  >
    <div
      aria-controls="Vulnerability"
      aria-disabled="false"
      aria-expanded="false"
      class="MuiButtonBase-root MuiAccordionSummary-root WithStyles(ForwardRef(AccordionSummary))-root-10"
      id="Vulnerability"
      role="button"
      tabindex="0"
    >
      <div
        class="MuiAccordionSummary-content WithStyles(ForwardRef(AccordionSummary))-content-11"
      >
        <img
          alt="Vulnerability"
          class="MenuMobile-icon-4"
          src="icon_vulnerable.png"
        />
        <mock-typography
          variant="body2"
        >
          Vulnerability
        </mock-typography>
      </div>
      <div
        aria-disabled="false"
        aria-hidden="true"
        class="MuiButtonBase-root MuiIconButton-root MuiAccordionSummary-expandIcon MuiIconButton-colorInherit MuiIconButton-sizeSmall MuiIconButton-edgeEnd"
      >
        <span
          class="MuiIconButton-label"
        >
          <svg
            aria-hidden="true"
            class="svg-inline--fa fa-caret-down fa-w-10 "
            data-icon="caret-down"
            data-prefix="fas"
            focusable="false"
            role="img"
            viewBox="0 0 320 512"
            xmlns="http://www.w3.org/2000/svg"
          >
            <path
              d="M31.3 192h257.3c17.8 0 26.7 21.5 14.1 34.1L174.1 354.8c-7.8 7.8-20.5 7.8-28.3 0L17.2 226.1C4.6 213.5 13.5 192 31.3 192z"
              fill="currentColor"
            />
          </svg>
        </span>
        <span
          class="MuiTouchRipple-root"
        />
      </div>
    </div>
    <div
      class="MuiCollapse-container MuiCollapse-hidden"
      style="min-height: 0px;"
    >
      <div
        class="MuiCollapse-wrapper"
      >
        <div
          class="MuiCollapse-wrapperInner"
        >
          <div
            aria-labelledby="Vulnerability"
            id="Vulnerability"
            role="region"
          >
            <div
              class="MuiAccordionDetails-root WithStyles(ForwardRef(AccordionDetails))-root-13"
            >
              <div
                class="MuiGrid-root MuiGrid-container MuiGrid-direction-xs-column"
              >
                <div
                  class="MuiGrid-root MenuMobile-categoryContainer-5 MuiGrid-item"
                >
                  <mock-typography
                    classname="MenuMobile-categoryTitle-6"
                    variant="body2"
                  >
                    Vulnerable Groups
                  </mock-typography>
                  <hr />
                  <div
                    class="MenuMobile-layersContainer-7"
                  >
                    <mock-switch
                      checked="false"
                      color="default"
                      inputprops="[object Object]"
                      size="small"
                    />
                     
                    <mock-typography
                      variant="body1"
                    >
                      Poverty Rate
                    </mock-typography>
                  </div>
                  <div
                    class="MenuMobile-layersContainer-7"
                  >
                    <mock-switch
                      checked="false"
                      color="default"
                      inputprops="[object Object]"
                      size="small"
                    />
                     
                    <mock-typography
                      variant="body1"
                    >
                      Prevalence of Undernoursihment
                    </mock-typography>
                  </div>
                  <div
                    class="MenuMobile-layersContainer-7"
                  >
                    <mock-switch
                      checked="false"
                      color="default"
                      inputprops="[object Object]"
                      size="small"
                    />
                     
                    <mock-typography
                      variant="body1"
                    >
                      Open Unemployment
                    </mock-typography>
                  </div>
                </div>
              </div>
            </div>
          </div>
        </div>
      </div>
    </div>
  </div>
  <div
    class="MuiPaper-root MuiAccordion-root WithStyles(ForwardRef(Accordion))-root-8 MuiPaper-elevation1"
  >
    <div
      aria-controls="Capacity"
      aria-disabled="false"
      aria-expanded="false"
      class="MuiButtonBase-root MuiAccordionSummary-root WithStyles(ForwardRef(AccordionSummary))-root-10"
      id="Capacity"
      role="button"
      tabindex="0"
    >
      <div
        class="MuiAccordionSummary-content WithStyles(ForwardRef(AccordionSummary))-content-11"
      >
        <img
          alt="Capacity"
          class="MenuMobile-icon-4"
          src="icon_capacity.png"
        />
        <mock-typography
          variant="body2"
        >
          Capacity
        </mock-typography>
      </div>
      <div
        aria-disabled="false"
        aria-hidden="true"
        class="MuiButtonBase-root MuiIconButton-root MuiAccordionSummary-expandIcon MuiIconButton-colorInherit MuiIconButton-sizeSmall MuiIconButton-edgeEnd"
      >
        <span
          class="MuiIconButton-label"
        >
          <svg
            aria-hidden="true"
            class="svg-inline--fa fa-caret-down fa-w-10 "
            data-icon="caret-down"
            data-prefix="fas"
            focusable="false"
            role="img"
            viewBox="0 0 320 512"
            xmlns="http://www.w3.org/2000/svg"
          >
            <path
              d="M31.3 192h257.3c17.8 0 26.7 21.5 14.1 34.1L174.1 354.8c-7.8 7.8-20.5 7.8-28.3 0L17.2 226.1C4.6 213.5 13.5 192 31.3 192z"
              fill="currentColor"
            />
          </svg>
        </span>
        <span
          class="MuiTouchRipple-root"
        />
      </div>
    </div>
    <div
      class="MuiCollapse-container MuiCollapse-hidden"
      style="min-height: 0px;"
    >
      <div
        class="MuiCollapse-wrapper"
      >
        <div
          class="MuiCollapse-wrapperInner"
        >
          <div
            aria-labelledby="Capacity"
            id="Capacity"
            role="region"
          >
            <div
              class="MuiAccordionDetails-root WithStyles(ForwardRef(AccordionDetails))-root-13"
            >
              <div
                class="MuiGrid-root MuiGrid-container MuiGrid-direction-xs-column"
              >
                <div
                  class="MuiGrid-root MenuMobile-categoryContainer-5 MuiGrid-item"
                >
                  <mock-typography
                    classname="MenuMobile-categoryTitle-6"
                    variant="body2"
                  >
                    Livestock And Crop Preparedness
                  </mock-typography>
                  <hr />
                  <div
                    class="MenuMobile-layersContainer-7"
                  >
                    <mock-switch
                      checked="false"
                      color="default"
                      inputprops="[object Object]"
                      size="small"
                    />
                     
                    <mock-typography
                      variant="body1"
                    >
                      Cereal Yield
                    </mock-typography>
                  </div>
                  <div
                    class="MenuMobile-layersContainer-7"
                  >
                    <mock-switch
                      checked="false"
                      color="default"
                      inputprops="[object Object]"
                      size="small"
                    />
                     
                    <mock-typography
                      variant="body1"
                    >
                      Poor Houshold With Access to Food Assistance
                    </mock-typography>
                  </div>
                </div>
              </div>
            </div>
          </div>
        </div>
      </div>
    </div>
  </div>
  <div
    class="MuiPaper-root MuiAccordion-root WithStyles(ForwardRef(Accordion))-root-8 MuiPaper-elevation1"
  >
    <div
      aria-controls="Tables"
      aria-disabled="false"
      aria-expanded="false"
      class="MuiButtonBase-root MuiAccordionSummary-root WithStyles(ForwardRef(AccordionSummary))-root-10"
      id="Tables"
      role="button"
      tabindex="0"
    >
      <div
        class="MuiAccordionSummary-content WithStyles(ForwardRef(AccordionSummary))-content-11"
      >
        <img
          alt="Tables"
          class="MenuMobile-icon-4"
          src="icon_table.png"
        />
        <mock-typography
          variant="body2"
        >
          Tables
        </mock-typography>
      </div>
      <div
        aria-disabled="false"
        aria-hidden="true"
        class="MuiButtonBase-root MuiIconButton-root MuiAccordionSummary-expandIcon MuiIconButton-colorInherit MuiIconButton-sizeSmall MuiIconButton-edgeEnd"
      >
        <span
          class="MuiIconButton-label"
        >
          <svg
            aria-hidden="true"
            class="svg-inline--fa fa-caret-down fa-w-10 "
            data-icon="caret-down"
            data-prefix="fas"
            focusable="false"
            role="img"
            viewBox="0 0 320 512"
            xmlns="http://www.w3.org/2000/svg"
          >
            <path
              d="M31.3 192h257.3c17.8 0 26.7 21.5 14.1 34.1L174.1 354.8c-7.8 7.8-20.5 7.8-28.3 0L17.2 226.1C4.6 213.5 13.5 192 31.3 192z"
              fill="currentColor"
            />
          </svg>
        </span>
        <span
          class="MuiTouchRipple-root"
        />
      </div>
    </div>
    <div
      class="MuiCollapse-container MuiCollapse-hidden"
      style="min-height: 0px;"
    >
      <div
        class="MuiCollapse-wrapper"
      >
        <div
          class="MuiCollapse-wrapperInner"
        >
          <div
            aria-labelledby="Tables"
            id="Tables"
            role="region"
          >
            <div
              class="MuiAccordionDetails-root WithStyles(ForwardRef(AccordionDetails))-root-13"
            >
              <div
                class="MuiGrid-root MuiGrid-container MuiGrid-direction-xs-column"
              >
                <div
                  class="MuiGrid-root MenuMobile-categoryContainer-5 MuiGrid-item"
                >
                  <mock-typography
                    classname="MenuMobile-categoryTitle-6"
                    variant="body2"
                  >
                    Socioeconomic Data
                  </mock-typography>
                  <hr />
                  <mock-button
                    classname="MenuMobile-button-2"
                    id="Poverty headcount 2016 vs 2018"
                  >
                    <mock-typography
                      variant="body1"
                    >
                      Poverty headcount 2016 vs 2018
                    </mock-typography>
                  </mock-button>
                </div>
                <div
                  class="MuiGrid-root MenuMobile-categoryContainer-5 MuiGrid-item"
                >
                  <mock-typography
                    classname="MenuMobile-categoryTitle-6"
                    variant="body2"
                  >
                    Price Data
                  </mock-typography>
                  <hr />
                  <mock-button
                    classname="MenuMobile-button-2"
                    id="Monthly hay prices"
                  >
                    <mock-typography
                      variant="body1"
                    >
                      Monthly hay prices
                    </mock-typography>
                  </mock-button>
                </div>
              </div>
            </div>
          </div>
        </div>
      </div>
    </div>
  </div>
</div>
`;
