// Jest Snapshot v1, https://goo.gl/fbAQLP

exports[`renders as expected 1`] = `
<div>
  <div
    class="MuiGrid-root MapView-container-1 MuiGrid-item"
  >
    <div
      class="MapView-loading-3"
    >
      <mock-circularprogress
        size="100"
      />
    </div>
    <div
      style="height: 100%;"
    />
    <div
      class="MuiGrid-root MapView-buttonContainer-2 MuiGrid-container MuiGrid-justify-xs-space-between"
    >
      <div
        class="MuiGrid-root MuiGrid-item"
      >
        <mock-analyser />
        <div
          class="MuiGrid-root MuiGrid-item"
        >
          <mock-button
            classname="BoundarySelector-selectorButton-4"
            color="primary"
            variant="contained"
          >
            <mock-hidden
              smdown="true"
            >
              <svg
                aria-hidden="true"
                class="MuiSvgIcon-root MuiSvgIcon-fontSizeSmall"
                focusable="false"
                viewBox="0 0 24 24"
              >
                <path
                  d="M12 6v3l4-4-4-4v3c-4.42 0-8 3.58-8 8 0 1.57.46 3.03 1.24 4.26L6.7 14.8c-.45-.83-.7-1.79-.7-2.8 0-3.31 2.69-6 6-6zm6.76 1.74L17.3 9.2c.44.84.7 1.79.7 2.8 0 3.31-2.69 6-6 6v-3l-4 4 4 4v-3c4.42 0 8-3.58 8-8 0-1.57-.46-3.03-1.24-4.26z"
                />
              </svg>
              <mock-typography
                classname="BoundarySelector-label-5"
                variant="body2"
              >
                Go To
              </mock-typography>
            </mock-hidden>
            <mock-arrowdropdown
              fontsize="small"
            />
          </mock-button>
          <mock-menu
            id="boundaries-menu"
            keepmounted="true"
            open="false"
          />
        </div>
      </div>
      <div
        class="MuiGrid-root MuiGrid-item"
      >
        <div
          class="MuiGrid-root MuiGrid-container MuiGrid-spacing-xs-1"
        >
          <mock-download />
          <mock-legends
            layers="[object Object],[object Object],[object Object]"
          />
        </div>
      </div>
    </div>
  </div>
</div>
`;
